---
http_interactions:
- request:
    method: post
    uri: https://api.stripe.com/v1/customers
    body:
      encoding: UTF-8
      string: description=test%40test.com
    headers:
      Accept:
      - "*/*; q=0.5, application/xml"
      Accept-Encoding:
      - gzip, deflate
      User-Agent:
      - Stripe/v1 RubyBindings/1.31.0
      Authorization:
      - Bearer <STRIPE_API_KEY>
      Content-Type:
      - application/x-www-form-urlencoded
      Stripe-Version:
      - '2016-02-03'
      X-Stripe-Client-User-Agent:
      - '{"bindings_version":"1.31.0","lang":"ruby","lang_version":"2.3.0 p0 (2015-12-25)","platform":"x86_64-darwin15","engine":"ruby","publisher":"stripe","uname":"Darwin
        chris.local 15.3.0 Darwin Kernel Version 15.3.0: Thu Dec 10 18:40:58 PST 2015;
        root:xnu-3248.30.4~1/RELEASE_X86_64 x86_64","hostname":"chris.local"}'
      Content-Length:
      - '27'
  response:
    status:
      code: 200
      message: OK
    headers:
      Server:
      - nginx
      Date:
      - Thu, 18 Feb 2016 00:10:45 GMT
      Content-Type:
      - application/json
      Content-Length:
      - '863'
      Connection:
      - keep-alive
      Access-Control-Allow-Credentials:
      - 'true'
      Access-Control-Allow-Methods:
      - GET, POST, HEAD, OPTIONS, DELETE
      Access-Control-Allow-Origin:
      - "*"
      Access-Control-Max-Age:
      - '300'
      Cache-Control:
      - no-cache, no-store
      Request-Id:
      - req_7vWQcQOIUpdstm
      Stripe-Version:
      - '2016-02-03'
      Strict-Transport-Security:
      - max-age=31556926; includeSubDomains
    body:
      encoding: UTF-8
      string: |
        {
          "id": "cus_7vWQQqH3Fdkaol",
          "object": "customer",
          "account_balance": 0,
          "bank_accounts": {
            "object": "list",
            "data": [],
            "has_more": false,
            "total_count": 0,
            "url": "/v1/customers/cus_7vWQQqH3Fdkaol/bank_accounts"
          },
          "created": 1455754245,
          "currency": null,
          "default_bank_account": null,
          "default_source": null,
          "default_source_type": null,
          "delinquent": false,
          "description": "test@test.com",
          "discount": null,
          "email": null,
          "livemode": false,
          "metadata": {},
          "shipping": null,
          "sources": {
            "object": "list",
            "data": [],
            "has_more": false,
            "total_count": 0,
            "url": "/v1/customers/cus_7vWQQqH3Fdkaol/sources"
          },
          "subscriptions": {
            "object": "list",
            "data": [],
            "has_more": false,
            "total_count": 0,
            "url": "/v1/customers/cus_7vWQQqH3Fdkaol/subscriptions"
          }
        }
    http_version: 
  recorded_at: Thu, 18 Feb 2016 00:10:45 GMT
- request:
    method: post
    uri: https://api.stripe.com/v1/customers/cus_7vWQQqH3Fdkaol/sources
    body:
      encoding: UTF-8
      string: source[cvc]=123&source[exp_month]=12&source[exp_year]=2020&source[number]=4242424242424242&source[object]=card
    headers:
      Accept:
      - "*/*; q=0.5, application/xml"
      Accept-Encoding:
      - gzip, deflate
      User-Agent:
      - Stripe/v1 RubyBindings/1.31.0
      Authorization:
      - Bearer <STRIPE_API_KEY>
      Content-Type:
      - application/x-www-form-urlencoded
      Stripe-Version:
      - '2016-02-03'
      X-Stripe-Client-User-Agent:
      - '{"bindings_version":"1.31.0","lang":"ruby","lang_version":"2.3.0 p0 (2015-12-25)","platform":"x86_64-darwin15","engine":"ruby","publisher":"stripe","uname":"Darwin
        chris.local 15.3.0 Darwin Kernel Version 15.3.0: Thu Dec 10 18:40:58 PST 2015;
        root:xnu-3248.30.4~1/RELEASE_X86_64 x86_64","hostname":"chris.local"}'
      Content-Length:
      - '110'
  response:
    status:
      code: 200
      message: OK
    headers:
      Server:
      - nginx
      Date:
      - Thu, 18 Feb 2016 00:10:45 GMT
      Content-Type:
      - application/json
      Content-Length:
      - '568'
      Connection:
      - keep-alive
      Access-Control-Allow-Credentials:
      - 'true'
      Access-Control-Allow-Methods:
      - GET, POST, HEAD, OPTIONS, DELETE
      Access-Control-Allow-Origin:
      - "*"
      Access-Control-Max-Age:
      - '300'
      Cache-Control:
      - no-cache, no-store
      Request-Id:
      - req_7vWQp8tB1eoxZy
      Stripe-Version:
      - '2016-02-03'
      Strict-Transport-Security:
      - max-age=31556926; includeSubDomains
    body:
      encoding: UTF-8
      string: |
        {
          "id": "card_7vWQI5FJnqjwMA",
          "object": "card",
          "address_city": null,
          "address_country": null,
          "address_line1": null,
          "address_line1_check": null,
          "address_line2": null,
          "address_state": null,
          "address_zip": null,
          "address_zip_check": null,
          "brand": "Visa",
          "country": "US",
          "customer": "cus_7vWQQqH3Fdkaol",
          "cvc_check": "pass",
          "dynamic_last4": null,
          "exp_month": 12,
          "exp_year": 2020,
          "fingerprint": "B5I5Hkz6r7cWlvfb",
          "funding": "credit",
          "last4": "4242",
          "metadata": {},
          "name": null,
          "tokenization_method": null
        }
    http_version: 
  recorded_at: Thu, 18 Feb 2016 00:10:45 GMT
- request:
    method: get
    uri: https://api.stripe.com/v1/customers/cus_7vWQQqH3Fdkaol
    body:
      encoding: US-ASCII
      string: ''
    headers:
      Accept:
      - "*/*; q=0.5, application/xml"
      Accept-Encoding:
      - gzip, deflate
      User-Agent:
      - Stripe/v1 RubyBindings/1.31.0
      Authorization:
      - Bearer <STRIPE_API_KEY>
      Content-Type:
      - application/x-www-form-urlencoded
      Stripe-Version:
      - '2016-02-03'
      X-Stripe-Client-User-Agent:
      - '{"bindings_version":"1.31.0","lang":"ruby","lang_version":"2.3.0 p0 (2015-12-25)","platform":"x86_64-darwin15","engine":"ruby","publisher":"stripe","uname":"Darwin
        chris.local 15.3.0 Darwin Kernel Version 15.3.0: Thu Dec 10 18:40:58 PST 2015;
        root:xnu-3248.30.4~1/RELEASE_X86_64 x86_64","hostname":"chris.local"}'
  response:
    status:
      code: 200
      message: OK
    headers:
      Server:
      - nginx
      Date:
      - Thu, 18 Feb 2016 00:10:45 GMT
      Content-Type:
      - application/json
      Content-Length:
      - '1605'
      Connection:
      - keep-alive
      Access-Control-Allow-Credentials:
      - 'true'
      Access-Control-Allow-Methods:
      - GET, POST, HEAD, OPTIONS, DELETE
      Access-Control-Allow-Origin:
      - "*"
      Access-Control-Max-Age:
      - '300'
      Cache-Control:
      - no-cache, no-store
      Request-Id:
      - req_7vWQuRllzi3g5T
      Stripe-Version:
      - '2016-02-03'
      Strict-Transport-Security:
      - max-age=31556926; includeSubDomains
    body:
      encoding: UTF-8
      string: |
        {
          "id": "cus_7vWQQqH3Fdkaol",
          "object": "customer",
          "account_balance": 0,
          "bank_accounts": {
            "object": "list",
            "data": [],
            "has_more": false,
            "total_count": 0,
            "url": "/v1/customers/cus_7vWQQqH3Fdkaol/bank_accounts"
          },
          "created": 1455754245,
          "currency": null,
          "default_bank_account": null,
          "default_source": "card_7vWQI5FJnqjwMA",
          "default_source_type": "card",
          "delinquent": false,
          "description": "test@test.com",
          "discount": null,
          "email": null,
          "livemode": false,
          "metadata": {},
          "shipping": null,
          "sources": {
            "object": "list",
            "data": [
              {
                "id": "card_7vWQI5FJnqjwMA",
                "object": "card",
                "address_city": null,
                "address_country": null,
                "address_line1": null,
                "address_line1_check": null,
                "address_line2": null,
                "address_state": null,
                "address_zip": null,
                "address_zip_check": null,
                "brand": "Visa",
                "country": "US",
                "customer": "cus_7vWQQqH3Fdkaol",
                "cvc_check": "pass",
                "dynamic_last4": null,
                "exp_month": 12,
                "exp_year": 2020,
                "fingerprint": "B5I5Hkz6r7cWlvfb",
                "funding": "credit",
                "last4": "4242",
                "metadata": {},
                "name": null,
                "tokenization_method": null
              }
            ],
            "has_more": false,
            "total_count": 1,
            "url": "/v1/customers/cus_7vWQQqH3Fdkaol/sources"
          },
          "subscriptions": {
            "object": "list",
            "data": [],
            "has_more": false,
            "total_count": 0,
            "url": "/v1/customers/cus_7vWQQqH3Fdkaol/subscriptions"
          }
        }
    http_version: 
  recorded_at: Thu, 18 Feb 2016 00:10:45 GMT
- request:
    method: get
    uri: https://api.stripe.com/v1/customers/cus_7vWQQqH3Fdkaol/sources/card_7vWQI5FJnqjwMA
    body:
      encoding: US-ASCII
      string: ''
    headers:
      Accept:
      - "*/*; q=0.5, application/xml"
      Accept-Encoding:
      - gzip, deflate
      User-Agent:
      - Stripe/v1 RubyBindings/1.31.0
      Authorization:
      - Bearer <STRIPE_API_KEY>
      Content-Type:
      - application/x-www-form-urlencoded
      Stripe-Version:
      - '2016-02-03'
      X-Stripe-Client-User-Agent:
      - '{"bindings_version":"1.31.0","lang":"ruby","lang_version":"2.3.0 p0 (2015-12-25)","platform":"x86_64-darwin15","engine":"ruby","publisher":"stripe","uname":"Darwin
        chris.local 15.3.0 Darwin Kernel Version 15.3.0: Thu Dec 10 18:40:58 PST 2015;
        root:xnu-3248.30.4~1/RELEASE_X86_64 x86_64","hostname":"chris.local"}'
  response:
    status:
      code: 200
      message: OK
    headers:
      Server:
      - nginx
      Date:
      - Thu, 18 Feb 2016 00:10:46 GMT
      Content-Type:
      - application/json
      Content-Length:
      - '568'
      Connection:
      - keep-alive
      Access-Control-Allow-Credentials:
      - 'true'
      Access-Control-Allow-Methods:
      - GET, POST, HEAD, OPTIONS, DELETE
      Access-Control-Allow-Origin:
      - "*"
      Access-Control-Max-Age:
      - '300'
      Cache-Control:
      - no-cache, no-store
      Request-Id:
      - req_7vWQ5Gy67cblud
      Stripe-Version:
      - '2016-02-03'
      Strict-Transport-Security:
      - max-age=31556926; includeSubDomains
    body:
      encoding: UTF-8
      string: |
        {
          "id": "card_7vWQI5FJnqjwMA",
          "object": "card",
          "address_city": null,
          "address_country": null,
          "address_line1": null,
          "address_line1_check": null,
          "address_line2": null,
          "address_state": null,
          "address_zip": null,
          "address_zip_check": null,
          "brand": "Visa",
          "country": "US",
          "customer": "cus_7vWQQqH3Fdkaol",
          "cvc_check": "pass",
          "dynamic_last4": null,
          "exp_month": 12,
          "exp_year": 2020,
          "fingerprint": "B5I5Hkz6r7cWlvfb",
          "funding": "credit",
          "last4": "4242",
          "metadata": {},
          "name": null,
          "tokenization_method": null
        }
    http_version: 
  recorded_at: Thu, 18 Feb 2016 00:10:45 GMT
- request:
    method: get
    uri: https://api.stripe.com/v1/customers/cus_7vWQQqH3Fdkaol
    body:
      encoding: US-ASCII
      string: ''
    headers:
      Accept:
      - "*/*; q=0.5, application/xml"
      Accept-Encoding:
      - gzip, deflate
      User-Agent:
      - Stripe/v1 RubyBindings/1.31.0
      Authorization:
      - Bearer <STRIPE_API_KEY>
      Content-Type:
      - application/x-www-form-urlencoded
      Stripe-Version:
      - '2016-02-03'
      X-Stripe-Client-User-Agent:
      - '{"bindings_version":"1.31.0","lang":"ruby","lang_version":"2.3.0 p0 (2015-12-25)","platform":"x86_64-darwin15","engine":"ruby","publisher":"stripe","uname":"Darwin
        chris.local 15.3.0 Darwin Kernel Version 15.3.0: Thu Dec 10 18:40:58 PST 2015;
        root:xnu-3248.30.4~1/RELEASE_X86_64 x86_64","hostname":"chris.local"}'
  response:
    status:
      code: 200
      message: OK
    headers:
      Server:
      - nginx
      Date:
      - Thu, 18 Feb 2016 00:10:46 GMT
      Content-Type:
      - application/json
      Content-Length:
      - '1605'
      Connection:
      - keep-alive
      Access-Control-Allow-Credentials:
      - 'true'
      Access-Control-Allow-Methods:
      - GET, POST, HEAD, OPTIONS, DELETE
      Access-Control-Allow-Origin:
      - "*"
      Access-Control-Max-Age:
      - '300'
      Cache-Control:
      - no-cache, no-store
      Request-Id:
      - req_7vWQtnfXyHbOWk
      Stripe-Version:
      - '2016-02-03'
      Strict-Transport-Security:
      - max-age=31556926; includeSubDomains
    body:
      encoding: UTF-8
      string: |
        {
          "id": "cus_7vWQQqH3Fdkaol",
          "object": "customer",
          "account_balance": 0,
          "bank_accounts": {
            "object": "list",
            "data": [],
            "has_more": false,
            "total_count": 0,
            "url": "/v1/customers/cus_7vWQQqH3Fdkaol/bank_accounts"
          },
          "created": 1455754245,
          "currency": null,
          "default_bank_account": null,
          "default_source": "card_7vWQI5FJnqjwMA",
          "default_source_type": "card",
          "delinquent": false,
          "description": "test@test.com",
          "discount": null,
          "email": null,
          "livemode": false,
          "metadata": {},
          "shipping": null,
          "sources": {
            "object": "list",
            "data": [
              {
                "id": "card_7vWQI5FJnqjwMA",
                "object": "card",
                "address_city": null,
                "address_country": null,
                "address_line1": null,
                "address_line1_check": null,
                "address_line2": null,
                "address_state": null,
                "address_zip": null,
                "address_zip_check": null,
                "brand": "Visa",
                "country": "US",
                "customer": "cus_7vWQQqH3Fdkaol",
                "cvc_check": "pass",
                "dynamic_last4": null,
                "exp_month": 12,
                "exp_year": 2020,
                "fingerprint": "B5I5Hkz6r7cWlvfb",
                "funding": "credit",
                "last4": "4242",
                "metadata": {},
                "name": null,
                "tokenization_method": null
              }
            ],
            "has_more": false,
            "total_count": 1,
            "url": "/v1/customers/cus_7vWQQqH3Fdkaol/sources"
          },
          "subscriptions": {
            "object": "list",
            "data": [],
            "has_more": false,
            "total_count": 0,
            "url": "/v1/customers/cus_7vWQQqH3Fdkaol/subscriptions"
          }
        }
    http_version: 
  recorded_at: Thu, 18 Feb 2016 00:10:46 GMT
- request:
    method: post
    uri: https://api.stripe.com/v1/charges
    body:
      encoding: UTF-8
      string: amount=10328&currency=usd&customer=cus_7vWQQqH3Fdkaol&source=card_7vWQI5FJnqjwMA
    headers:
      Accept:
      - "*/*; q=0.5, application/xml"
      Accept-Encoding:
      - gzip, deflate
      User-Agent:
      - Stripe/v1 RubyBindings/1.31.0
      Authorization:
      - Bearer <STRIPE_API_KEY>
      Content-Type:
      - application/x-www-form-urlencoded
      Stripe-Version:
      - '2016-02-03'
      X-Stripe-Client-User-Agent:
      - '{"bindings_version":"1.31.0","lang":"ruby","lang_version":"2.3.0 p0 (2015-12-25)","platform":"x86_64-darwin15","engine":"ruby","publisher":"stripe","uname":"Darwin
        chris.local 15.3.0 Darwin Kernel Version 15.3.0: Thu Dec 10 18:40:58 PST 2015;
        root:xnu-3248.30.4~1/RELEASE_X86_64 x86_64","hostname":"chris.local"}'
      Content-Length:
      - '80'
  response:
    status:
      code: 200
      message: OK
    headers:
      Server:
      - nginx
      Date:
      - Thu, 18 Feb 2016 00:10:46 GMT
      Content-Type:
      - application/json
      Content-Length:
      - '1435'
      Connection:
      - keep-alive
      Access-Control-Allow-Credentials:
      - 'true'
      Access-Control-Allow-Methods:
      - GET, POST, HEAD, OPTIONS, DELETE
      Access-Control-Allow-Origin:
      - "*"
      Access-Control-Max-Age:
      - '300'
      Cache-Control:
      - no-cache, no-store
      Request-Id:
      - req_7vWQasnQMqyMUf
      Stripe-Version:
      - '2016-02-03'
      Strict-Transport-Security:
      - max-age=31556926; includeSubDomains
    body:
      encoding: UTF-8
      string: |
        {
          "id": "ch_7vWQUImYQtm909",
          "object": "charge",
          "amount": 10328,
          "amount_refunded": 0,
          "application_fee": null,
          "balance_transaction": "txn_7vWQyNVjT03oJH",
          "captured": true,
          "created": 1455754246,
          "currency": "usd",
          "customer": "cus_7vWQQqH3Fdkaol",
          "description": null,
          "destination": null,
          "dispute": null,
          "failure_code": null,
          "failure_message": null,
          "fraud_details": {},
          "invoice": null,
          "livemode": false,
          "metadata": {},
          "order": null,
          "paid": true,
          "receipt_email": null,
          "receipt_number": null,
          "refunded": false,
          "refunds": {
            "object": "list",
            "data": [],
            "has_more": false,
            "total_count": 0,
            "url": "/v1/charges/ch_7vWQUImYQtm909/refunds"
          },
          "shipping": null,
          "source": {
            "id": "card_7vWQI5FJnqjwMA",
            "object": "card",
            "address_city": null,
            "address_country": null,
            "address_line1": null,
            "address_line1_check": null,
            "address_line2": null,
            "address_state": null,
            "address_zip": null,
            "address_zip_check": null,
            "brand": "Visa",
            "country": "US",
            "customer": "cus_7vWQQqH3Fdkaol",
            "cvc_check": "pass",
            "dynamic_last4": null,
            "exp_month": 12,
            "exp_year": 2020,
            "fingerprint": "B5I5Hkz6r7cWlvfb",
            "funding": "credit",
            "last4": "4242",
            "metadata": {},
            "name": null,
            "tokenization_method": null
          },
          "statement_descriptor": null,
          "status": "succeeded"
        }
    http_version: 
  recorded_at: Thu, 18 Feb 2016 00:10:46 GMT
- request:
    method: get
    uri: https://<CLOSE_IO_API_KEY>:@app.close.io/api/v1/lead/?query=email:test@test.com
    body:
      encoding: US-ASCII
      string: ''
    headers:
      Accept:
      - application/json
      User-Agent:
      - Faraday v0.9.2
      Accept-Encoding:
      - gzip;q=1.0,deflate;q=0.6,identity;q=0.3
  response:
    status:
      code: 200
      message: OK
    headers:
      Content-Type:
      - application/json
      Date:
      - Thu, 18 Feb 2016 00:10:46 GMT
      Set-Cookie:
      - session=; Expires=Thu, 01-Jan-1970 00:00:00 GMT; Max-Age=0; Path=/
      Strict-Transport-Security:
      - max-age=31536000; includeSubDomains
      Vary:
      - Accept
      X-Frame-Options:
      - SAMEORIGIN
      Content-Length:
      - '653'
      Connection:
      - keep-alive
    body:
      encoding: ASCII-8BIT
      string: '{"has_more": false, "total_results": 1, "data": [{"tasks": [], "display_name":
        "TEST TEST", "addresses": [], "status_id": "stat_IAcdBqZZTAul6vK2srakLxAyd8Kem3ALHW6MBg12ntc",
        "date_updated": "2016-02-18T00:10:37.473000+00:00", "status_label": "Enrolled",
        "description": "Foo", "contacts": [{"name": "TEST TEST", "title": "", "date_updated":
        "2015-08-04T20:54:56.554000+00:00", "phones": [], "created_by": "user_ABOHi4Y53EYGaL6y4ioR2VXABSEPGSQh2xoJHnaiEP9",
        "id": "cont_FStz8S1Oe1diS12GwlUZM3kd9An7qfrPhTkQ3nyxvoH", "organization_id":
        "orga_IRlZ0dse4odbsGRQCuEZFhRQyFgzcNzvbpIXaeg74pE", "urls": [], "date_created":
        "2015-08-04T20:54:51.401000+00:00", "emails": [{"type": "office", "email":
        "test@test.com"}], "updated_by": "user_ABOHi4Y53EYGaL6y4ioR2VXABSEPGSQh2xoJHnaiEP9"}],
        "html_url": "https://app.close.io/lead/lead_4LhIfianLPowbWVnZgOBHQ8Flgm26Wu6YsssnTkKg26/",
        "created_by": "user_ABOHi4Y53EYGaL6y4ioR2VXABSEPGSQh2xoJHnaiEP9", "custom":
        {"Amount paid": 600, "Payment plan": "Standard Plan - $150 then $850"}, "organization_id":
        "orga_IRlZ0dse4odbsGRQCuEZFhRQyFgzcNzvbpIXaeg74pE", "url": null, "updated_by":
        "user_ABOHi4Y53EYGaL6y4ioR2VXABSEPGSQh2xoJHnaiEP9", "opportunities": [], "created_by_name":
        "Michael Kaiser-Nyman", "date_created": "2015-08-04T20:54:51.404000+00:00",
        "id": "lead_4LhIfianLPowbWVnZgOBHQ8Flgm26Wu6YsssnTkKg26", "updated_by_name":
        "Michael Kaiser-Nyman", "name": "TEST TEST"}]}'
    http_version: 
  recorded_at: Thu, 18 Feb 2016 00:10:46 GMT
- request:
    method: get
    uri: https://<CLOSE_IO_API_KEY>:@app.close.io/api/v1/lead/?query=email:test@test.com
    body:
      encoding: US-ASCII
      string: ''
    headers:
      Accept:
      - application/json
      User-Agent:
      - Faraday v0.9.2
      Accept-Encoding:
      - gzip;q=1.0,deflate;q=0.6,identity;q=0.3
  response:
    status:
      code: 200
      message: OK
    headers:
      Content-Type:
      - application/json
      Date:
      - Thu, 18 Feb 2016 00:10:46 GMT
      Set-Cookie:
      - session=; Expires=Thu, 01-Jan-1970 00:00:00 GMT; Max-Age=0; Path=/
      Strict-Transport-Security:
      - max-age=31536000; includeSubDomains
      Vary:
      - Accept
      X-Frame-Options:
      - SAMEORIGIN
      Content-Length:
      - '653'
      Connection:
      - keep-alive
    body:
      encoding: ASCII-8BIT
      string: '{"has_more": false, "total_results": 1, "data": [{"tasks": [], "display_name":
        "TEST TEST", "addresses": [], "status_id": "stat_IAcdBqZZTAul6vK2srakLxAyd8Kem3ALHW6MBg12ntc",
        "date_updated": "2016-02-18T00:10:37.473000+00:00", "status_label": "Enrolled",
        "description": "Foo", "contacts": [{"name": "TEST TEST", "title": "", "date_updated":
        "2015-08-04T20:54:56.554000+00:00", "phones": [], "created_by": "user_ABOHi4Y53EYGaL6y4ioR2VXABSEPGSQh2xoJHnaiEP9",
        "id": "cont_FStz8S1Oe1diS12GwlUZM3kd9An7qfrPhTkQ3nyxvoH", "organization_id":
        "orga_IRlZ0dse4odbsGRQCuEZFhRQyFgzcNzvbpIXaeg74pE", "urls": [], "date_created":
        "2015-08-04T20:54:51.401000+00:00", "emails": [{"type": "office", "email":
        "test@test.com"}], "updated_by": "user_ABOHi4Y53EYGaL6y4ioR2VXABSEPGSQh2xoJHnaiEP9"}],
        "html_url": "https://app.close.io/lead/lead_4LhIfianLPowbWVnZgOBHQ8Flgm26Wu6YsssnTkKg26/",
        "created_by": "user_ABOHi4Y53EYGaL6y4ioR2VXABSEPGSQh2xoJHnaiEP9", "custom":
        {"Amount paid": 600, "Payment plan": "Standard Plan - $150 then $850"}, "organization_id":
        "orga_IRlZ0dse4odbsGRQCuEZFhRQyFgzcNzvbpIXaeg74pE", "url": null, "updated_by":
        "user_ABOHi4Y53EYGaL6y4ioR2VXABSEPGSQh2xoJHnaiEP9", "opportunities": [], "created_by_name":
        "Michael Kaiser-Nyman", "date_created": "2015-08-04T20:54:51.404000+00:00",
        "id": "lead_4LhIfianLPowbWVnZgOBHQ8Flgm26Wu6YsssnTkKg26", "updated_by_name":
        "Michael Kaiser-Nyman", "name": "TEST TEST"}]}'
    http_version: 
  recorded_at: Thu, 18 Feb 2016 00:10:46 GMT
- request:
    method: put
    uri: https://<CLOSE_IO_API_KEY>:@app.close.io/api/v1/lead/lead_4LhIfianLPowbWVnZgOBHQ8Flgm26Wu6YsssnTkKg26/
    body:
      encoding: UTF-8
      string: '{"status":"Enrolled","custom.Amount paid":100}'
    headers:
      Accept:
      - application/json
      User-Agent:
      - Faraday v0.9.2
      Content-Type:
      - application/json
      Accept-Encoding:
      - gzip;q=1.0,deflate;q=0.6,identity;q=0.3
  response:
    status:
      code: 200
      message: OK
    headers:
      Content-Type:
      - application/json
      Date:
      - Thu, 18 Feb 2016 00:10:46 GMT
      Set-Cookie:
      - session=; Expires=Thu, 01-Jan-1970 00:00:00 GMT; Max-Age=0; Path=/
      Strict-Transport-Security:
      - max-age=31536000; includeSubDomains
      Vary:
      - Accept
      X-Frame-Options:
      - SAMEORIGIN
      Content-Length:
      - '622'
      Connection:
      - keep-alive
    body:
      encoding: ASCII-8BIT
      string: '{"tasks": [], "display_name": "TEST TEST", "addresses": [], "name":
        "TEST TEST", "status_id": "stat_IAcdBqZZTAul6vK2srakLxAyd8Kem3ALHW6MBg12ntc",
        "date_updated": "2016-02-18T00:10:46.963000+00:00", "status_label": "Enrolled",
        "contacts": [{"name": "TEST TEST", "title": "", "date_updated": "2015-08-04T20:54:56.554000+00:00",
        "phones": [], "created_by": "user_ABOHi4Y53EYGaL6y4ioR2VXABSEPGSQh2xoJHnaiEP9",
        "id": "cont_FStz8S1Oe1diS12GwlUZM3kd9An7qfrPhTkQ3nyxvoH", "organization_id":
        "orga_IRlZ0dse4odbsGRQCuEZFhRQyFgzcNzvbpIXaeg74pE", "urls": [], "date_created":
        "2015-08-04T20:54:51.401000+00:00", "emails": [{"type": "office", "email":
        "test@test.com"}], "updated_by": "user_ABOHi4Y53EYGaL6y4ioR2VXABSEPGSQh2xoJHnaiEP9"}],
        "html_url": "https://app.close.io/lead/lead_4LhIfianLPowbWVnZgOBHQ8Flgm26Wu6YsssnTkKg26/",
        "created_by": "user_ABOHi4Y53EYGaL6y4ioR2VXABSEPGSQh2xoJHnaiEP9", "custom":
        {"Amount paid": 100, "Payment plan": "Standard Plan - $150 then $850"}, "organization_id":
        "orga_IRlZ0dse4odbsGRQCuEZFhRQyFgzcNzvbpIXaeg74pE", "url": null, "created_by_name":
        "Michael Kaiser-Nyman", "opportunities": [], "updated_by": "user_ABOHi4Y53EYGaL6y4ioR2VXABSEPGSQh2xoJHnaiEP9",
        "date_created": "2015-08-04T20:54:51.404000+00:00", "id": "lead_4LhIfianLPowbWVnZgOBHQ8Flgm26Wu6YsssnTkKg26",
        "updated_by_name": "Michael Kaiser-Nyman", "description": "Foo"}'
    http_version: 
  recorded_at: Thu, 18 Feb 2016 00:10:46 GMT
- request:
    method: get
    uri: https://api.stripe.com/v1/balance/history/txn_7vWQyNVjT03oJH
    body:
      encoding: US-ASCII
      string: ''
    headers:
      Accept:
      - "*/*; q=0.5, application/xml"
      Accept-Encoding:
      - gzip, deflate
      User-Agent:
      - Stripe/v1 RubyBindings/1.31.0
      Authorization:
      - Bearer <STRIPE_API_KEY>
      Content-Type:
      - application/x-www-form-urlencoded
      Stripe-Version:
      - '2016-02-03'
      X-Stripe-Client-User-Agent:
      - '{"bindings_version":"1.31.0","lang":"ruby","lang_version":"2.3.0 p0 (2015-12-25)","platform":"x86_64-darwin15","engine":"ruby","publisher":"stripe","uname":"Darwin
        chris.local 15.3.0 Darwin Kernel Version 15.3.0: Thu Dec 10 18:40:58 PST 2015;
        root:xnu-3248.30.4~1/RELEASE_X86_64 x86_64","hostname":"chris.local"}'
  response:
    status:
      code: 200
      message: OK
    headers:
      Server:
      - nginx
      Date:
      - Thu, 18 Feb 2016 00:10:47 GMT
      Content-Type:
      - application/json
      Content-Length:
      - '651'
      Connection:
      - keep-alive
      Access-Control-Allow-Credentials:
      - 'true'
      Access-Control-Allow-Methods:
      - GET, POST, HEAD, OPTIONS, DELETE
      Access-Control-Allow-Origin:
      - "*"
      Access-Control-Max-Age:
      - '300'
      Cache-Control:
      - no-cache, no-store
      Request-Id:
      - req_7vWQ90fw2ZFVoL
      Stripe-Version:
      - '2016-02-03'
      Strict-Transport-Security:
      - max-age=31556926; includeSubDomains
    body:
      encoding: UTF-8
      string: |
        {
          "id": "txn_7vWQyNVjT03oJH",
          "object": "balance_transaction",
          "amount": 10328,
          "available_on": 1455926400,
          "created": 1455754246,
          "currency": "usd",
          "description": null,
          "fee": 330,
          "fee_details": [
            {
              "amount": 330,
              "application": null,
              "currency": "usd",
              "description": "Stripe processing fees",
              "type": "stripe_fee"
            }
          ],
          "net": 9998,
          "source": "ch_7vWQUImYQtm909",
          "sourced_transfers": {
            "object": "list",
            "data": [],
            "has_more": false,
            "total_count": 0,
            "url": "/v1/transfers?source_transaction=ch_7vWQUImYQtm909"
          },
          "status": "pending",
          "type": "charge"
        }
    http_version: 
  recorded_at: Thu, 18 Feb 2016 00:10:47 GMT
- request:
    method: post
    uri: https://api.stripe.com/v1/refunds
    body:
      encoding: UTF-8
      string: amount=6000&charge=ch_7vWQUImYQtm909
    headers:
      Accept:
      - "*/*; q=0.5, application/xml"
      Accept-Encoding:
      - gzip, deflate
      User-Agent:
      - Stripe/v1 RubyBindings/1.31.0
      Authorization:
      - Bearer <STRIPE_API_KEY>
      Content-Type:
      - application/x-www-form-urlencoded
      Stripe-Version:
      - '2016-02-03'
      X-Stripe-Client-User-Agent:
      - '{"bindings_version":"1.31.0","lang":"ruby","lang_version":"2.3.0 p0 (2015-12-25)","platform":"x86_64-darwin15","engine":"ruby","publisher":"stripe","uname":"Darwin
        chris.local 15.3.0 Darwin Kernel Version 15.3.0: Thu Dec 10 18:40:58 PST 2015;
        root:xnu-3248.30.4~1/RELEASE_X86_64 x86_64","hostname":"chris.local"}'
      Content-Length:
      - '36'
  response:
    status:
      code: 200
      message: OK
    headers:
      Server:
      - nginx
      Date:
      - Thu, 18 Feb 2016 00:10:47 GMT
      Content-Type:
      - application/json
      Content-Length:
      - '260'
      Connection:
      - keep-alive
      Access-Control-Allow-Credentials:
      - 'true'
      Access-Control-Allow-Methods:
      - GET, POST, HEAD, OPTIONS, DELETE
      Access-Control-Allow-Origin:
      - "*"
      Access-Control-Max-Age:
      - '300'
      Cache-Control:
      - no-cache, no-store
      Request-Id:
      - req_7vWQhj2BEUeBbr
      Stripe-Version:
      - '2016-02-03'
      Strict-Transport-Security:
      - max-age=31556926; includeSubDomains
    body:
      encoding: UTF-8
      string: |
        {
          "id": "re_7vWQx6Kwje0E7Q",
          "object": "refund",
          "amount": 6000,
          "balance_transaction": "txn_7vWQZvycT7JlMJ",
          "charge": "ch_7vWQUImYQtm909",
          "created": 1455754247,
          "currency": "usd",
          "metadata": {},
          "reason": null,
          "receipt_number": null
        }
    http_version: 
  recorded_at: Thu, 18 Feb 2016 00:10:47 GMT
- request:
    method: get
    uri: https://<CLOSE_IO_API_KEY>:@app.close.io/api/v1/lead/?query=email:test@test.com
    body:
      encoding: US-ASCII
      string: ''
    headers:
      Accept:
      - application/json
      User-Agent:
      - Faraday v0.9.2
      Accept-Encoding:
      - gzip;q=1.0,deflate;q=0.6,identity;q=0.3
  response:
    status:
      code: 200
      message: OK
    headers:
      Content-Type:
      - application/json
      Date:
      - Thu, 18 Feb 2016 00:10:47 GMT
      Set-Cookie:
      - session=; Expires=Thu, 01-Jan-1970 00:00:00 GMT; Max-Age=0; Path=/
      Strict-Transport-Security:
      - max-age=31536000; includeSubDomains
      Vary:
      - Accept
      X-Frame-Options:
      - SAMEORIGIN
      Content-Length:
      - '652'
      Connection:
      - keep-alive
    body:
      encoding: ASCII-8BIT
      string: '{"has_more": false, "total_results": 1, "data": [{"tasks": [], "display_name":
        "TEST TEST", "addresses": [], "status_id": "stat_IAcdBqZZTAul6vK2srakLxAyd8Kem3ALHW6MBg12ntc",
        "date_updated": "2016-02-18T00:10:46.963000+00:00", "status_label": "Enrolled",
        "description": "Foo", "contacts": [{"name": "TEST TEST", "title": "", "date_updated":
        "2015-08-04T20:54:56.554000+00:00", "phones": [], "created_by": "user_ABOHi4Y53EYGaL6y4ioR2VXABSEPGSQh2xoJHnaiEP9",
        "id": "cont_FStz8S1Oe1diS12GwlUZM3kd9An7qfrPhTkQ3nyxvoH", "organization_id":
        "orga_IRlZ0dse4odbsGRQCuEZFhRQyFgzcNzvbpIXaeg74pE", "urls": [], "date_created":
        "2015-08-04T20:54:51.401000+00:00", "emails": [{"type": "office", "email":
        "test@test.com"}], "updated_by": "user_ABOHi4Y53EYGaL6y4ioR2VXABSEPGSQh2xoJHnaiEP9"}],
        "html_url": "https://app.close.io/lead/lead_4LhIfianLPowbWVnZgOBHQ8Flgm26Wu6YsssnTkKg26/",
        "created_by": "user_ABOHi4Y53EYGaL6y4ioR2VXABSEPGSQh2xoJHnaiEP9", "custom":
        {"Amount paid": 100, "Payment plan": "Standard Plan - $150 then $850"}, "organization_id":
        "orga_IRlZ0dse4odbsGRQCuEZFhRQyFgzcNzvbpIXaeg74pE", "url": null, "updated_by":
        "user_ABOHi4Y53EYGaL6y4ioR2VXABSEPGSQh2xoJHnaiEP9", "opportunities": [], "created_by_name":
        "Michael Kaiser-Nyman", "date_created": "2015-08-04T20:54:51.404000+00:00",
        "id": "lead_4LhIfianLPowbWVnZgOBHQ8Flgm26Wu6YsssnTkKg26", "updated_by_name":
        "Michael Kaiser-Nyman", "name": "TEST TEST"}]}'
    http_version: 
  recorded_at: Thu, 18 Feb 2016 00:10:47 GMT
- request:
    method: get
    uri: https://<CLOSE_IO_API_KEY>:@app.close.io/api/v1/lead/?query=email:test@test.com
    body:
      encoding: US-ASCII
      string: ''
    headers:
      Accept:
      - application/json
      User-Agent:
      - Faraday v0.9.2
      Accept-Encoding:
      - gzip;q=1.0,deflate;q=0.6,identity;q=0.3
  response:
    status:
      code: 200
      message: OK
    headers:
      Content-Type:
      - application/json
      Date:
      - Thu, 18 Feb 2016 00:10:47 GMT
      Set-Cookie:
      - session=; Expires=Thu, 01-Jan-1970 00:00:00 GMT; Max-Age=0; Path=/
      Strict-Transport-Security:
      - max-age=31536000; includeSubDomains
      Vary:
      - Accept
      X-Frame-Options:
      - SAMEORIGIN
      Content-Length:
      - '653'
      Connection:
      - keep-alive
    body:
      encoding: ASCII-8BIT
      string: '{"has_more": false, "total_results": 1, "data": [{"tasks": [], "display_name":
        "TEST TEST", "addresses": [], "status_id": "stat_IAcdBqZZTAul6vK2srakLxAyd8Kem3ALHW6MBg12ntc",
        "date_updated": "2016-02-18T00:10:37.473000+00:00", "status_label": "Enrolled",
        "description": "Foo", "contacts": [{"name": "TEST TEST", "title": "", "date_updated":
        "2015-08-04T20:54:56.554000+00:00", "phones": [], "created_by": "user_ABOHi4Y53EYGaL6y4ioR2VXABSEPGSQh2xoJHnaiEP9",
        "id": "cont_FStz8S1Oe1diS12GwlUZM3kd9An7qfrPhTkQ3nyxvoH", "organization_id":
        "orga_IRlZ0dse4odbsGRQCuEZFhRQyFgzcNzvbpIXaeg74pE", "urls": [], "date_created":
        "2015-08-04T20:54:51.401000+00:00", "emails": [{"type": "office", "email":
        "test@test.com"}], "updated_by": "user_ABOHi4Y53EYGaL6y4ioR2VXABSEPGSQh2xoJHnaiEP9"}],
        "html_url": "https://app.close.io/lead/lead_4LhIfianLPowbWVnZgOBHQ8Flgm26Wu6YsssnTkKg26/",
        "created_by": "user_ABOHi4Y53EYGaL6y4ioR2VXABSEPGSQh2xoJHnaiEP9", "custom":
        {"Amount paid": 600, "Payment plan": "Standard Plan - $150 then $850"}, "organization_id":
        "orga_IRlZ0dse4odbsGRQCuEZFhRQyFgzcNzvbpIXaeg74pE", "url": null, "updated_by":
        "user_ABOHi4Y53EYGaL6y4ioR2VXABSEPGSQh2xoJHnaiEP9", "opportunities": [], "created_by_name":
        "Michael Kaiser-Nyman", "date_created": "2015-08-04T20:54:51.404000+00:00",
        "id": "lead_4LhIfianLPowbWVnZgOBHQ8Flgm26Wu6YsssnTkKg26", "updated_by_name":
        "Michael Kaiser-Nyman", "name": "TEST TEST"}]}'
    http_version: 
  recorded_at: Thu, 18 Feb 2016 00:10:47 GMT
- request:
    method: put
    uri: https://<CLOSE_IO_API_KEY>:@app.close.io/api/v1/lead/lead_4LhIfianLPowbWVnZgOBHQ8Flgm26Wu6YsssnTkKg26/
    body:
      encoding: UTF-8
      string: '{"status":"Enrolled","custom.Amount paid":100}'
    headers:
      Accept:
      - application/json
      User-Agent:
      - Faraday v0.9.2
      Content-Type:
      - application/json
      Accept-Encoding:
      - gzip;q=1.0,deflate;q=0.6,identity;q=0.3
  response:
    status:
      code: 200
      message: OK
    headers:
      Content-Type:
      - application/json
      Date:
      - Thu, 18 Feb 2016 00:10:47 GMT
      Set-Cookie:
      - session=; Expires=Thu, 01-Jan-1970 00:00:00 GMT; Max-Age=0; Path=/
      Strict-Transport-Security:
      - max-age=31536000; includeSubDomains
      Vary:
      - Accept
      X-Frame-Options:
      - SAMEORIGIN
      Content-Length:
      - '622'
      Connection:
      - keep-alive
    body:
      encoding: ASCII-8BIT
      string: '{"tasks": [], "display_name": "TEST TEST", "addresses": [], "name":
        "TEST TEST", "status_id": "stat_IAcdBqZZTAul6vK2srakLxAyd8Kem3ALHW6MBg12ntc",
        "date_updated": "2016-02-18T00:10:46.963000+00:00", "status_label": "Enrolled",
        "contacts": [{"name": "TEST TEST", "title": "", "date_updated": "2015-08-04T20:54:56.554000+00:00",
        "phones": [], "created_by": "user_ABOHi4Y53EYGaL6y4ioR2VXABSEPGSQh2xoJHnaiEP9",
        "id": "cont_FStz8S1Oe1diS12GwlUZM3kd9An7qfrPhTkQ3nyxvoH", "organization_id":
        "orga_IRlZ0dse4odbsGRQCuEZFhRQyFgzcNzvbpIXaeg74pE", "urls": [], "date_created":
        "2015-08-04T20:54:51.401000+00:00", "emails": [{"type": "office", "email":
        "test@test.com"}], "updated_by": "user_ABOHi4Y53EYGaL6y4ioR2VXABSEPGSQh2xoJHnaiEP9"}],
        "html_url": "https://app.close.io/lead/lead_4LhIfianLPowbWVnZgOBHQ8Flgm26Wu6YsssnTkKg26/",
        "created_by": "user_ABOHi4Y53EYGaL6y4ioR2VXABSEPGSQh2xoJHnaiEP9", "custom":
        {"Amount paid": 100, "Payment plan": "Standard Plan - $150 then $850"}, "organization_id":
        "orga_IRlZ0dse4odbsGRQCuEZFhRQyFgzcNzvbpIXaeg74pE", "url": null, "created_by_name":
        "Michael Kaiser-Nyman", "opportunities": [], "updated_by": "user_ABOHi4Y53EYGaL6y4ioR2VXABSEPGSQh2xoJHnaiEP9",
        "date_created": "2015-08-04T20:54:51.404000+00:00", "id": "lead_4LhIfianLPowbWVnZgOBHQ8Flgm26Wu6YsssnTkKg26",
        "updated_by_name": "Michael Kaiser-Nyman", "description": "Foo"}'
    http_version: 
  recorded_at: Thu, 18 Feb 2016 00:10:47 GMT
recorded_with: VCR 3.0.1
