---
http_interactions:
- request:
    method: post
    uri: https://api.stripe.com/v1/customers
    body:
      encoding: UTF-8
      string: description=student85%40example.com
    headers:
      Accept:
      - "*/*; q=0.5, application/xml"
      Accept-Encoding:
      - gzip, deflate
      User-Agent:
      - Stripe/v1 RubyBindings/1.31.0
      Authorization:
      - Bearer <STRIPE_API_KEY>
      Content-Type:
      - application/x-www-form-urlencoded
      X-Stripe-Client-User-Agent:
      - '{"bindings_version":"1.31.0","lang":"ruby","lang_version":"2.3.0 p0 (2015-12-25)","platform":"x86_64-darwin15","engine":"ruby","publisher":"stripe","uname":"Darwin
        epicodus-73.local 15.2.0 Darwin Kernel Version 15.2.0: Fri Nov 13 19:56:56
        PST 2015; root:xnu-3248.20.55~2/RELEASE_X86_64 x86_64","hostname":"epicodus-73.local"}'
      Content-Length:
      - '35'
  response:
    status:
      code: 200
      message: OK
    headers:
      Server:
      - nginx
      Date:
      - Tue, 09 Feb 2016 22:02:04 GMT
      Content-Type:
      - application/json
      Content-Length:
      - '1159'
      Connection:
      - keep-alive
      Access-Control-Allow-Credentials:
      - 'true'
      Access-Control-Allow-Methods:
      - GET, POST, HEAD, OPTIONS, DELETE
      Access-Control-Allow-Origin:
      - "*"
      Access-Control-Max-Age:
      - '300'
      Cache-Control:
      - no-cache, no-store
      Request-Id:
      - req_7sUXs7zKoPoO0H
      Stripe-Version:
      - '2012-11-07'
      Strict-Transport-Security:
      - max-age=31556926; includeSubDomains
    body:
      encoding: UTF-8
      string: |
        {
          "id": "cus_7sUXw3KFgYkq3V",
          "object": "customer",
          "account_balance": 0,
          "bank_accounts": {
            "object": "list",
            "count": 0,
            "data": [],
            "has_more": false,
            "total_count": 0,
            "url": "/v1/customers/cus_7sUXw3KFgYkq3V/bank_accounts"
          },
          "cards": {
            "object": "list",
            "count": 0,
            "data": [],
            "has_more": false,
            "total_count": 0,
            "url": "/v1/customers/cus_7sUXw3KFgYkq3V/cards"
          },
          "created": 1455055323,
          "currency": null,
          "default_bank_account": null,
          "default_card": null,
          "default_source": null,
          "default_source_type": null,
          "delinquent": false,
          "description": "student85@example.com",
          "discount": null,
          "email": null,
          "livemode": false,
          "metadata": {},
          "shipping": null,
          "sources": {
            "object": "list",
            "count": 0,
            "data": [],
            "has_more": false,
            "total_count": 0,
            "url": "/v1/customers/cus_7sUXw3KFgYkq3V/sources"
          },
          "subscriptions": {
            "object": "list",
            "count": 0,
            "data": [],
            "has_more": false,
            "total_count": 0,
            "url": "/v1/customers/cus_7sUXw3KFgYkq3V/subscriptions"
          },
          "active_card": null,
          "subscription": null
        }
    http_version: 
  recorded_at: Tue, 09 Feb 2016 22:02:25 GMT
- request:
    method: post
    uri: https://api.stripe.com/v1/customers/cus_7sUXw3KFgYkq3V/sources
    body:
      encoding: UTF-8
      string: source[cvv]=123&source[exp_month]=12&source[exp_year]=2020&source[number]=4242424242424242&source[object]=card
    headers:
      Accept:
      - "*/*; q=0.5, application/xml"
      Accept-Encoding:
      - gzip, deflate
      User-Agent:
      - Stripe/v1 RubyBindings/1.31.0
      Authorization:
      - Bearer <STRIPE_API_KEY>
      Content-Type:
      - application/x-www-form-urlencoded
      X-Stripe-Client-User-Agent:
      - '{"bindings_version":"1.31.0","lang":"ruby","lang_version":"2.3.0 p0 (2015-12-25)","platform":"x86_64-darwin15","engine":"ruby","publisher":"stripe","uname":"Darwin
        epicodus-73.local 15.2.0 Darwin Kernel Version 15.2.0: Fri Nov 13 19:56:56
        PST 2015; root:xnu-3248.20.55~2/RELEASE_X86_64 x86_64","hostname":"epicodus-73.local"}'
      Content-Length:
      - '110'
  response:
    status:
      code: 200
      message: OK
    headers:
      Server:
      - nginx
      Date:
      - Tue, 09 Feb 2016 22:02:05 GMT
      Content-Type:
      - application/json
      Content-Length:
      - '584'
      Connection:
      - keep-alive
      Access-Control-Allow-Credentials:
      - 'true'
      Access-Control-Allow-Methods:
      - GET, POST, HEAD, OPTIONS, DELETE
      Access-Control-Allow-Origin:
      - "*"
      Access-Control-Max-Age:
      - '300'
      Cache-Control:
      - no-cache, no-store
      Request-Id:
      - req_7sUXTQaltMQZht
      Stripe-Version:
      - '2012-11-07'
      Strict-Transport-Security:
      - max-age=31556926; includeSubDomains
    body:
      encoding: UTF-8
      string: |
        {
          "id": "card_7sUXXDTAktfzPr",
          "object": "card",
          "address_city": null,
          "address_country": null,
          "address_line1": null,
          "address_line1_check": null,
          "address_line2": null,
          "address_state": null,
          "address_zip": null,
          "address_zip_check": null,
          "brand": "Visa",
          "country": "US",
          "customer": "cus_7sUXw3KFgYkq3V",
          "cvc_check": null,
          "dynamic_last4": null,
          "exp_month": 12,
          "exp_year": 2020,
          "fingerprint": "B5I5Hkz6r7cWlvfb",
          "funding": "credit",
          "last4": "4242",
          "metadata": {},
          "name": null,
          "tokenization_method": null,
          "type": "Visa"
        }
    http_version: 
  recorded_at: Tue, 09 Feb 2016 22:02:25 GMT
- request:
    method: get
    uri: https://api.stripe.com/v1/customers/cus_7sUXw3KFgYkq3V
    body:
      encoding: US-ASCII
      string: ''
    headers:
      Accept:
      - "*/*; q=0.5, application/xml"
      Accept-Encoding:
      - gzip, deflate
      User-Agent:
      - Stripe/v1 RubyBindings/1.31.0
      Authorization:
      - Bearer <STRIPE_API_KEY>
      Content-Type:
      - application/x-www-form-urlencoded
      X-Stripe-Client-User-Agent:
      - '{"bindings_version":"1.31.0","lang":"ruby","lang_version":"2.3.0 p0 (2015-12-25)","platform":"x86_64-darwin15","engine":"ruby","publisher":"stripe","uname":"Darwin
        epicodus-73.local 15.2.0 Darwin Kernel Version 15.2.0: Fri Nov 13 19:56:56
        PST 2015; root:xnu-3248.20.55~2/RELEASE_X86_64 x86_64","hostname":"epicodus-73.local"}'
  response:
    status:
      code: 200
      message: OK
    headers:
      Server:
      - nginx
      Date:
      - Tue, 09 Feb 2016 22:02:05 GMT
      Content-Type:
      - application/json
      Content-Length:
      - '3314'
      Connection:
      - keep-alive
      Access-Control-Allow-Credentials:
      - 'true'
      Access-Control-Allow-Methods:
      - GET, POST, HEAD, OPTIONS, DELETE
      Access-Control-Allow-Origin:
      - "*"
      Access-Control-Max-Age:
      - '300'
      Cache-Control:
      - no-cache, no-store
      Request-Id:
      - req_7sUXVdLXvWguOK
      Stripe-Version:
      - '2012-11-07'
      Strict-Transport-Security:
      - max-age=31556926; includeSubDomains
    body:
      encoding: UTF-8
      string: |
        {
          "id": "cus_7sUXw3KFgYkq3V",
          "object": "customer",
          "account_balance": 0,
          "bank_accounts": {
            "object": "list",
            "count": 0,
            "data": [],
            "has_more": false,
            "total_count": 0,
            "url": "/v1/customers/cus_7sUXw3KFgYkq3V/bank_accounts"
          },
          "cards": {
            "object": "list",
            "count": 1,
            "data": [
              {
                "id": "card_7sUXXDTAktfzPr",
                "object": "card",
                "address_city": null,
                "address_country": null,
                "address_line1": null,
                "address_line1_check": null,
                "address_line2": null,
                "address_state": null,
                "address_zip": null,
                "address_zip_check": null,
                "brand": "Visa",
                "country": "US",
                "customer": "cus_7sUXw3KFgYkq3V",
                "cvc_check": null,
                "dynamic_last4": null,
                "exp_month": 12,
                "exp_year": 2020,
                "fingerprint": "B5I5Hkz6r7cWlvfb",
                "funding": "credit",
                "last4": "4242",
                "metadata": {},
                "name": null,
                "tokenization_method": null,
                "type": "Visa"
              }
            ],
            "has_more": false,
            "total_count": 1,
            "url": "/v1/customers/cus_7sUXw3KFgYkq3V/cards"
          },
          "created": 1455055323,
          "currency": null,
          "default_bank_account": null,
          "default_card": "card_7sUXXDTAktfzPr",
          "default_source": "card_7sUXXDTAktfzPr",
          "default_source_type": "card",
          "delinquent": false,
          "description": "student85@example.com",
          "discount": null,
          "email": null,
          "livemode": false,
          "metadata": {},
          "shipping": null,
          "sources": {
            "object": "list",
            "count": 1,
            "data": [
              {
                "id": "card_7sUXXDTAktfzPr",
                "object": "card",
                "address_city": null,
                "address_country": null,
                "address_line1": null,
                "address_line1_check": null,
                "address_line2": null,
                "address_state": null,
                "address_zip": null,
                "address_zip_check": null,
                "brand": "Visa",
                "country": "US",
                "customer": "cus_7sUXw3KFgYkq3V",
                "cvc_check": null,
                "dynamic_last4": null,
                "exp_month": 12,
                "exp_year": 2020,
                "fingerprint": "B5I5Hkz6r7cWlvfb",
                "funding": "credit",
                "last4": "4242",
                "metadata": {},
                "name": null,
                "tokenization_method": null,
                "type": "Visa"
              }
            ],
            "has_more": false,
            "total_count": 1,
            "url": "/v1/customers/cus_7sUXw3KFgYkq3V/sources"
          },
          "subscriptions": {
            "object": "list",
            "count": 0,
            "data": [],
            "has_more": false,
            "total_count": 0,
            "url": "/v1/customers/cus_7sUXw3KFgYkq3V/subscriptions"
          },
          "active_card": {
            "id": "card_7sUXXDTAktfzPr",
            "object": "card",
            "address_city": null,
            "address_country": null,
            "address_line1": null,
            "address_line1_check": null,
            "address_line2": null,
            "address_state": null,
            "address_zip": null,
            "address_zip_check": null,
            "brand": "Visa",
            "country": "US",
            "customer": "cus_7sUXw3KFgYkq3V",
            "cvc_check": null,
            "dynamic_last4": null,
            "exp_month": 12,
            "exp_year": 2020,
            "fingerprint": "B5I5Hkz6r7cWlvfb",
            "funding": "credit",
            "last4": "4242",
            "metadata": {},
            "name": null,
            "tokenization_method": null,
            "type": "Visa"
          },
          "subscription": null
        }
    http_version: 
  recorded_at: Tue, 09 Feb 2016 22:02:25 GMT
- request:
    method: get
    uri: https://api.stripe.com/v1/customers/cus_7sUXw3KFgYkq3V/sources/card_7sUXXDTAktfzPr
    body:
      encoding: US-ASCII
      string: ''
    headers:
      Accept:
      - "*/*; q=0.5, application/xml"
      Accept-Encoding:
      - gzip, deflate
      User-Agent:
      - Stripe/v1 RubyBindings/1.31.0
      Authorization:
      - Bearer <STRIPE_API_KEY>
      Content-Type:
      - application/x-www-form-urlencoded
      X-Stripe-Client-User-Agent:
      - '{"bindings_version":"1.31.0","lang":"ruby","lang_version":"2.3.0 p0 (2015-12-25)","platform":"x86_64-darwin15","engine":"ruby","publisher":"stripe","uname":"Darwin
        epicodus-73.local 15.2.0 Darwin Kernel Version 15.2.0: Fri Nov 13 19:56:56
        PST 2015; root:xnu-3248.20.55~2/RELEASE_X86_64 x86_64","hostname":"epicodus-73.local"}'
  response:
    status:
      code: 200
      message: OK
    headers:
      Server:
      - nginx
      Date:
      - Tue, 09 Feb 2016 22:02:05 GMT
      Content-Type:
      - application/json
      Content-Length:
      - '584'
      Connection:
      - keep-alive
      Access-Control-Allow-Credentials:
      - 'true'
      Access-Control-Allow-Methods:
      - GET, POST, HEAD, OPTIONS, DELETE
      Access-Control-Allow-Origin:
      - "*"
      Access-Control-Max-Age:
      - '300'
      Cache-Control:
      - no-cache, no-store
      Request-Id:
      - req_7sUX9r6xQMFS9V
      Stripe-Version:
      - '2012-11-07'
      Strict-Transport-Security:
      - max-age=31556926; includeSubDomains
    body:
      encoding: UTF-8
      string: |
        {
          "id": "card_7sUXXDTAktfzPr",
          "object": "card",
          "address_city": null,
          "address_country": null,
          "address_line1": null,
          "address_line1_check": null,
          "address_line2": null,
          "address_state": null,
          "address_zip": null,
          "address_zip_check": null,
          "brand": "Visa",
          "country": "US",
          "customer": "cus_7sUXw3KFgYkq3V",
          "cvc_check": null,
          "dynamic_last4": null,
          "exp_month": 12,
          "exp_year": 2020,
          "fingerprint": "B5I5Hkz6r7cWlvfb",
          "funding": "credit",
          "last4": "4242",
          "metadata": {},
          "name": null,
          "tokenization_method": null,
          "type": "Visa"
        }
    http_version: 
  recorded_at: Tue, 09 Feb 2016 22:02:26 GMT
- request:
    method: get
    uri: https://api.stripe.com/v1/customers/cus_7sUXw3KFgYkq3V
    body:
      encoding: US-ASCII
      string: ''
    headers:
      Accept:
      - "*/*; q=0.5, application/xml"
      Accept-Encoding:
      - gzip, deflate
      User-Agent:
      - Stripe/v1 RubyBindings/1.31.0
      Authorization:
      - Bearer <STRIPE_API_KEY>
      Content-Type:
      - application/x-www-form-urlencoded
      X-Stripe-Client-User-Agent:
      - '{"bindings_version":"1.31.0","lang":"ruby","lang_version":"2.3.0 p0 (2015-12-25)","platform":"x86_64-darwin15","engine":"ruby","publisher":"stripe","uname":"Darwin
        epicodus-73.local 15.2.0 Darwin Kernel Version 15.2.0: Fri Nov 13 19:56:56
        PST 2015; root:xnu-3248.20.55~2/RELEASE_X86_64 x86_64","hostname":"epicodus-73.local"}'
  response:
    status:
      code: 200
      message: OK
    headers:
      Server:
      - nginx
      Date:
      - Tue, 09 Feb 2016 22:02:05 GMT
      Content-Type:
      - application/json
      Content-Length:
      - '3314'
      Connection:
      - keep-alive
      Access-Control-Allow-Credentials:
      - 'true'
      Access-Control-Allow-Methods:
      - GET, POST, HEAD, OPTIONS, DELETE
      Access-Control-Allow-Origin:
      - "*"
      Access-Control-Max-Age:
      - '300'
      Cache-Control:
      - no-cache, no-store
      Request-Id:
      - req_7sUXlTAvwE2QKT
      Stripe-Version:
      - '2012-11-07'
      Strict-Transport-Security:
      - max-age=31556926; includeSubDomains
    body:
      encoding: UTF-8
      string: |
        {
          "id": "cus_7sUXw3KFgYkq3V",
          "object": "customer",
          "account_balance": 0,
          "bank_accounts": {
            "object": "list",
            "count": 0,
            "data": [],
            "has_more": false,
            "total_count": 0,
            "url": "/v1/customers/cus_7sUXw3KFgYkq3V/bank_accounts"
          },
          "cards": {
            "object": "list",
            "count": 1,
            "data": [
              {
                "id": "card_7sUXXDTAktfzPr",
                "object": "card",
                "address_city": null,
                "address_country": null,
                "address_line1": null,
                "address_line1_check": null,
                "address_line2": null,
                "address_state": null,
                "address_zip": null,
                "address_zip_check": null,
                "brand": "Visa",
                "country": "US",
                "customer": "cus_7sUXw3KFgYkq3V",
                "cvc_check": null,
                "dynamic_last4": null,
                "exp_month": 12,
                "exp_year": 2020,
                "fingerprint": "B5I5Hkz6r7cWlvfb",
                "funding": "credit",
                "last4": "4242",
                "metadata": {},
                "name": null,
                "tokenization_method": null,
                "type": "Visa"
              }
            ],
            "has_more": false,
            "total_count": 1,
            "url": "/v1/customers/cus_7sUXw3KFgYkq3V/cards"
          },
          "created": 1455055323,
          "currency": null,
          "default_bank_account": null,
          "default_card": "card_7sUXXDTAktfzPr",
          "default_source": "card_7sUXXDTAktfzPr",
          "default_source_type": "card",
          "delinquent": false,
          "description": "student85@example.com",
          "discount": null,
          "email": null,
          "livemode": false,
          "metadata": {},
          "shipping": null,
          "sources": {
            "object": "list",
            "count": 1,
            "data": [
              {
                "id": "card_7sUXXDTAktfzPr",
                "object": "card",
                "address_city": null,
                "address_country": null,
                "address_line1": null,
                "address_line1_check": null,
                "address_line2": null,
                "address_state": null,
                "address_zip": null,
                "address_zip_check": null,
                "brand": "Visa",
                "country": "US",
                "customer": "cus_7sUXw3KFgYkq3V",
                "cvc_check": null,
                "dynamic_last4": null,
                "exp_month": 12,
                "exp_year": 2020,
                "fingerprint": "B5I5Hkz6r7cWlvfb",
                "funding": "credit",
                "last4": "4242",
                "metadata": {},
                "name": null,
                "tokenization_method": null,
                "type": "Visa"
              }
            ],
            "has_more": false,
            "total_count": 1,
            "url": "/v1/customers/cus_7sUXw3KFgYkq3V/sources"
          },
          "subscriptions": {
            "object": "list",
            "count": 0,
            "data": [],
            "has_more": false,
            "total_count": 0,
            "url": "/v1/customers/cus_7sUXw3KFgYkq3V/subscriptions"
          },
          "active_card": {
            "id": "card_7sUXXDTAktfzPr",
            "object": "card",
            "address_city": null,
            "address_country": null,
            "address_line1": null,
            "address_line1_check": null,
            "address_line2": null,
            "address_state": null,
            "address_zip": null,
            "address_zip_check": null,
            "brand": "Visa",
            "country": "US",
            "customer": "cus_7sUXw3KFgYkq3V",
            "cvc_check": null,
            "dynamic_last4": null,
            "exp_month": 12,
            "exp_year": 2020,
            "fingerprint": "B5I5Hkz6r7cWlvfb",
            "funding": "credit",
            "last4": "4242",
            "metadata": {},
            "name": null,
            "tokenization_method": null,
            "type": "Visa"
          },
          "subscription": null
        }
    http_version: 
  recorded_at: Tue, 09 Feb 2016 22:02:26 GMT
- request:
    method: post
    uri: https://api.stripe.com/v1/customers/cus_7sUXw3KFgYkq3V/sources
    body:
      encoding: UTF-8
      string: source[account_number]=000123456789&source[country]=US&source[object]=bank_account&source[routing_number]=110000000
    headers:
      Accept:
      - "*/*; q=0.5, application/xml"
      Accept-Encoding:
      - gzip, deflate
      User-Agent:
      - Stripe/v1 RubyBindings/1.31.0
      Authorization:
      - Bearer <STRIPE_API_KEY>
      Content-Type:
      - application/x-www-form-urlencoded
      X-Stripe-Client-User-Agent:
      - '{"bindings_version":"1.31.0","lang":"ruby","lang_version":"2.3.0 p0 (2015-12-25)","platform":"x86_64-darwin15","engine":"ruby","publisher":"stripe","uname":"Darwin
        epicodus-73.local 15.2.0 Darwin Kernel Version 15.2.0: Fri Nov 13 19:56:56
        PST 2015; root:xnu-3248.20.55~2/RELEASE_X86_64 x86_64","hostname":"epicodus-73.local"}'
      Content-Length:
      - '115'
  response:
    status:
      code: 200
      message: OK
    headers:
      Server:
      - nginx
      Date:
      - Tue, 09 Feb 2016 22:02:06 GMT
      Content-Type:
      - application/json
      Content-Length:
      - '408'
      Connection:
      - keep-alive
      Access-Control-Allow-Credentials:
      - 'true'
      Access-Control-Allow-Methods:
      - GET, POST, HEAD, OPTIONS, DELETE
      Access-Control-Allow-Origin:
      - "*"
      Access-Control-Max-Age:
      - '300'
      Cache-Control:
      - no-cache, no-store
      Request-Id:
      - req_7sUXvbCUPTVHmo
      Stripe-Version:
      - '2012-11-07'
      Strict-Transport-Security:
      - max-age=31556926; includeSubDomains
    body:
      encoding: UTF-8
      string: |
        {
          "id": "ba_7sUXXRGQhvNQCB",
          "object": "bank_account",
          "account_holder_type": null,
          "bank_name": "STRIPE TEST BANK",
          "country": "US",
          "currency": "usd",
          "customer": "cus_7sUXw3KFgYkq3V",
          "fingerprint": "qw2YdYDmIJUuNi9w",
          "last4": "6789",
          "metadata": {},
          "name": null,
          "routing_number": "110000000",
          "status": "new",
          "disabled": false,
          "validated": false,
          "verified": false
        }
    http_version: 
  recorded_at: Tue, 09 Feb 2016 22:02:26 GMT
- request:
    method: get
    uri: https://api.stripe.com/v1/customers/cus_7sUXw3KFgYkq3V
    body:
      encoding: US-ASCII
      string: ''
    headers:
      Accept:
      - "*/*; q=0.5, application/xml"
      Accept-Encoding:
      - gzip, deflate
      User-Agent:
      - Stripe/v1 RubyBindings/1.31.0
      Authorization:
      - Bearer <STRIPE_API_KEY>
      Content-Type:
      - application/x-www-form-urlencoded
      X-Stripe-Client-User-Agent:
      - '{"bindings_version":"1.31.0","lang":"ruby","lang_version":"2.3.0 p0 (2015-12-25)","platform":"x86_64-darwin15","engine":"ruby","publisher":"stripe","uname":"Darwin
        epicodus-73.local 15.2.0 Darwin Kernel Version 15.2.0: Fri Nov 13 19:56:56
        PST 2015; root:xnu-3248.20.55~2/RELEASE_X86_64 x86_64","hostname":"epicodus-73.local"}'
  response:
    status:
      code: 200
      message: OK
    headers:
      Server:
      - nginx
      Date:
      - Tue, 09 Feb 2016 22:02:06 GMT
      Content-Type:
      - application/json
      Content-Length:
      - '4352'
      Connection:
      - keep-alive
      Access-Control-Allow-Credentials:
      - 'true'
      Access-Control-Allow-Methods:
      - GET, POST, HEAD, OPTIONS, DELETE
      Access-Control-Allow-Origin:
      - "*"
      Access-Control-Max-Age:
      - '300'
      Cache-Control:
      - no-cache, no-store
      Request-Id:
      - req_7sUXbwxIVIEAhE
      Stripe-Version:
      - '2012-11-07'
      Strict-Transport-Security:
      - max-age=31556926; includeSubDomains
    body:
      encoding: UTF-8
      string: |
        {
          "id": "cus_7sUXw3KFgYkq3V",
          "object": "customer",
          "account_balance": 0,
          "bank_accounts": {
            "object": "list",
            "count": 1,
            "data": [
              {
                "id": "ba_7sUXXRGQhvNQCB",
                "object": "bank_account",
                "account_holder_type": null,
                "bank_name": "STRIPE TEST BANK",
                "country": "US",
                "currency": "usd",
                "customer": "cus_7sUXw3KFgYkq3V",
                "fingerprint": "qw2YdYDmIJUuNi9w",
                "last4": "6789",
                "metadata": {},
                "name": null,
                "routing_number": "110000000",
                "status": "new",
                "disabled": false,
                "validated": false,
                "verified": false
              }
            ],
            "has_more": false,
            "total_count": 1,
            "url": "/v1/customers/cus_7sUXw3KFgYkq3V/bank_accounts"
          },
          "cards": {
            "object": "list",
            "count": 1,
            "data": [
              {
                "id": "card_7sUXXDTAktfzPr",
                "object": "card",
                "address_city": null,
                "address_country": null,
                "address_line1": null,
                "address_line1_check": null,
                "address_line2": null,
                "address_state": null,
                "address_zip": null,
                "address_zip_check": null,
                "brand": "Visa",
                "country": "US",
                "customer": "cus_7sUXw3KFgYkq3V",
                "cvc_check": null,
                "dynamic_last4": null,
                "exp_month": 12,
                "exp_year": 2020,
                "fingerprint": "B5I5Hkz6r7cWlvfb",
                "funding": "credit",
                "last4": "4242",
                "metadata": {},
                "name": null,
                "tokenization_method": null,
                "type": "Visa"
              }
            ],
            "has_more": false,
            "total_count": 1,
            "url": "/v1/customers/cus_7sUXw3KFgYkq3V/cards"
          },
          "created": 1455055323,
          "currency": null,
          "default_bank_account": null,
          "default_card": "card_7sUXXDTAktfzPr",
          "default_source": "card_7sUXXDTAktfzPr",
          "default_source_type": "card",
          "delinquent": false,
          "description": "student85@example.com",
          "discount": null,
          "email": null,
          "livemode": false,
          "metadata": {},
          "shipping": null,
          "sources": {
            "object": "list",
            "count": 2,
            "data": [
              {
                "id": "card_7sUXXDTAktfzPr",
                "object": "card",
                "address_city": null,
                "address_country": null,
                "address_line1": null,
                "address_line1_check": null,
                "address_line2": null,
                "address_state": null,
                "address_zip": null,
                "address_zip_check": null,
                "brand": "Visa",
                "country": "US",
                "customer": "cus_7sUXw3KFgYkq3V",
                "cvc_check": null,
                "dynamic_last4": null,
                "exp_month": 12,
                "exp_year": 2020,
                "fingerprint": "B5I5Hkz6r7cWlvfb",
                "funding": "credit",
                "last4": "4242",
                "metadata": {},
                "name": null,
                "tokenization_method": null,
                "type": "Visa"
              },
              {
                "id": "ba_7sUXXRGQhvNQCB",
                "object": "bank_account",
                "account_holder_type": null,
                "bank_name": "STRIPE TEST BANK",
                "country": "US",
                "currency": "usd",
                "customer": "cus_7sUXw3KFgYkq3V",
                "fingerprint": "qw2YdYDmIJUuNi9w",
                "last4": "6789",
                "metadata": {},
                "name": null,
                "routing_number": "110000000",
                "status": "new",
                "disabled": false,
                "validated": false,
                "verified": false
              }
            ],
            "has_more": false,
            "total_count": 2,
            "url": "/v1/customers/cus_7sUXw3KFgYkq3V/sources"
          },
          "subscriptions": {
            "object": "list",
            "count": 0,
            "data": [],
            "has_more": false,
            "total_count": 0,
            "url": "/v1/customers/cus_7sUXw3KFgYkq3V/subscriptions"
          },
          "active_card": {
            "id": "card_7sUXXDTAktfzPr",
            "object": "card",
            "address_city": null,
            "address_country": null,
            "address_line1": null,
            "address_line1_check": null,
            "address_line2": null,
            "address_state": null,
            "address_zip": null,
            "address_zip_check": null,
            "brand": "Visa",
            "country": "US",
            "customer": "cus_7sUXw3KFgYkq3V",
            "cvc_check": null,
            "dynamic_last4": null,
            "exp_month": 12,
            "exp_year": 2020,
            "fingerprint": "B5I5Hkz6r7cWlvfb",
            "funding": "credit",
            "last4": "4242",
            "metadata": {},
            "name": null,
            "tokenization_method": null,
            "type": "Visa"
          },
          "subscription": null
        }
    http_version: 
  recorded_at: Tue, 09 Feb 2016 22:02:26 GMT
- request:
    method: get
    uri: https://api.stripe.com/v1/customers/cus_7sUXw3KFgYkq3V/sources/ba_7sUXXRGQhvNQCB
    body:
      encoding: US-ASCII
      string: ''
    headers:
      Accept:
      - "*/*; q=0.5, application/xml"
      Accept-Encoding:
      - gzip, deflate
      User-Agent:
      - Stripe/v1 RubyBindings/1.31.0
      Authorization:
      - Bearer <STRIPE_API_KEY>
      Content-Type:
      - application/x-www-form-urlencoded
      X-Stripe-Client-User-Agent:
      - '{"bindings_version":"1.31.0","lang":"ruby","lang_version":"2.3.0 p0 (2015-12-25)","platform":"x86_64-darwin15","engine":"ruby","publisher":"stripe","uname":"Darwin
        epicodus-73.local 15.2.0 Darwin Kernel Version 15.2.0: Fri Nov 13 19:56:56
        PST 2015; root:xnu-3248.20.55~2/RELEASE_X86_64 x86_64","hostname":"epicodus-73.local"}'
  response:
    status:
      code: 200
      message: OK
    headers:
      Server:
      - nginx
      Date:
      - Tue, 09 Feb 2016 22:02:06 GMT
      Content-Type:
      - application/json
      Content-Length:
      - '408'
      Connection:
      - keep-alive
      Access-Control-Allow-Credentials:
      - 'true'
      Access-Control-Allow-Methods:
      - GET, POST, HEAD, OPTIONS, DELETE
      Access-Control-Allow-Origin:
      - "*"
      Access-Control-Max-Age:
      - '300'
      Cache-Control:
      - no-cache, no-store
      Request-Id:
      - req_7sUXE99XSLgVJv
      Stripe-Version:
      - '2012-11-07'
      Strict-Transport-Security:
      - max-age=31556926; includeSubDomains
    body:
      encoding: UTF-8
      string: |
        {
          "id": "ba_7sUXXRGQhvNQCB",
          "object": "bank_account",
          "account_holder_type": null,
          "bank_name": "STRIPE TEST BANK",
          "country": "US",
          "currency": "usd",
          "customer": "cus_7sUXw3KFgYkq3V",
          "fingerprint": "qw2YdYDmIJUuNi9w",
          "last4": "6789",
          "metadata": {},
          "name": null,
          "routing_number": "110000000",
          "status": "new",
          "disabled": false,
          "validated": false,
          "verified": false
        }
    http_version: 
  recorded_at: Tue, 09 Feb 2016 22:02:27 GMT
- request:
    method: get
    uri: https://api.stripe.com/v1/customers/cus_7sUXw3KFgYkq3V
    body:
      encoding: US-ASCII
      string: ''
    headers:
      Accept:
      - "*/*; q=0.5, application/xml"
      Accept-Encoding:
      - gzip, deflate
      User-Agent:
      - Stripe/v1 RubyBindings/1.31.0
      Authorization:
      - Bearer <STRIPE_API_KEY>
      Content-Type:
      - application/x-www-form-urlencoded
      X-Stripe-Client-User-Agent:
      - '{"bindings_version":"1.31.0","lang":"ruby","lang_version":"2.3.0 p0 (2015-12-25)","platform":"x86_64-darwin15","engine":"ruby","publisher":"stripe","uname":"Darwin
        epicodus-73.local 15.2.0 Darwin Kernel Version 15.2.0: Fri Nov 13 19:56:56
        PST 2015; root:xnu-3248.20.55~2/RELEASE_X86_64 x86_64","hostname":"epicodus-73.local"}'
  response:
    status:
      code: 200
      message: OK
    headers:
      Server:
      - nginx
      Date:
      - Tue, 09 Feb 2016 22:02:06 GMT
      Content-Type:
      - application/json
      Content-Length:
      - '4352'
      Connection:
      - keep-alive
      Access-Control-Allow-Credentials:
      - 'true'
      Access-Control-Allow-Methods:
      - GET, POST, HEAD, OPTIONS, DELETE
      Access-Control-Allow-Origin:
      - "*"
      Access-Control-Max-Age:
      - '300'
      Cache-Control:
      - no-cache, no-store
      Request-Id:
      - req_7sUXexlQTPmg9d
      Stripe-Version:
      - '2012-11-07'
      Strict-Transport-Security:
      - max-age=31556926; includeSubDomains
    body:
      encoding: UTF-8
      string: |
        {
          "id": "cus_7sUXw3KFgYkq3V",
          "object": "customer",
          "account_balance": 0,
          "bank_accounts": {
            "object": "list",
            "count": 1,
            "data": [
              {
                "id": "ba_7sUXXRGQhvNQCB",
                "object": "bank_account",
                "account_holder_type": null,
                "bank_name": "STRIPE TEST BANK",
                "country": "US",
                "currency": "usd",
                "customer": "cus_7sUXw3KFgYkq3V",
                "fingerprint": "qw2YdYDmIJUuNi9w",
                "last4": "6789",
                "metadata": {},
                "name": null,
                "routing_number": "110000000",
                "status": "new",
                "disabled": false,
                "validated": false,
                "verified": false
              }
            ],
            "has_more": false,
            "total_count": 1,
            "url": "/v1/customers/cus_7sUXw3KFgYkq3V/bank_accounts"
          },
          "cards": {
            "object": "list",
            "count": 1,
            "data": [
              {
                "id": "card_7sUXXDTAktfzPr",
                "object": "card",
                "address_city": null,
                "address_country": null,
                "address_line1": null,
                "address_line1_check": null,
                "address_line2": null,
                "address_state": null,
                "address_zip": null,
                "address_zip_check": null,
                "brand": "Visa",
                "country": "US",
                "customer": "cus_7sUXw3KFgYkq3V",
                "cvc_check": null,
                "dynamic_last4": null,
                "exp_month": 12,
                "exp_year": 2020,
                "fingerprint": "B5I5Hkz6r7cWlvfb",
                "funding": "credit",
                "last4": "4242",
                "metadata": {},
                "name": null,
                "tokenization_method": null,
                "type": "Visa"
              }
            ],
            "has_more": false,
            "total_count": 1,
            "url": "/v1/customers/cus_7sUXw3KFgYkq3V/cards"
          },
          "created": 1455055323,
          "currency": null,
          "default_bank_account": null,
          "default_card": "card_7sUXXDTAktfzPr",
          "default_source": "card_7sUXXDTAktfzPr",
          "default_source_type": "card",
          "delinquent": false,
          "description": "student85@example.com",
          "discount": null,
          "email": null,
          "livemode": false,
          "metadata": {},
          "shipping": null,
          "sources": {
            "object": "list",
            "count": 2,
            "data": [
              {
                "id": "card_7sUXXDTAktfzPr",
                "object": "card",
                "address_city": null,
                "address_country": null,
                "address_line1": null,
                "address_line1_check": null,
                "address_line2": null,
                "address_state": null,
                "address_zip": null,
                "address_zip_check": null,
                "brand": "Visa",
                "country": "US",
                "customer": "cus_7sUXw3KFgYkq3V",
                "cvc_check": null,
                "dynamic_last4": null,
                "exp_month": 12,
                "exp_year": 2020,
                "fingerprint": "B5I5Hkz6r7cWlvfb",
                "funding": "credit",
                "last4": "4242",
                "metadata": {},
                "name": null,
                "tokenization_method": null,
                "type": "Visa"
              },
              {
                "id": "ba_7sUXXRGQhvNQCB",
                "object": "bank_account",
                "account_holder_type": null,
                "bank_name": "STRIPE TEST BANK",
                "country": "US",
                "currency": "usd",
                "customer": "cus_7sUXw3KFgYkq3V",
                "fingerprint": "qw2YdYDmIJUuNi9w",
                "last4": "6789",
                "metadata": {},
                "name": null,
                "routing_number": "110000000",
                "status": "new",
                "disabled": false,
                "validated": false,
                "verified": false
              }
            ],
            "has_more": false,
            "total_count": 2,
            "url": "/v1/customers/cus_7sUXw3KFgYkq3V/sources"
          },
          "subscriptions": {
            "object": "list",
            "count": 0,
            "data": [],
            "has_more": false,
            "total_count": 0,
            "url": "/v1/customers/cus_7sUXw3KFgYkq3V/subscriptions"
          },
          "active_card": {
            "id": "card_7sUXXDTAktfzPr",
            "object": "card",
            "address_city": null,
            "address_country": null,
            "address_line1": null,
            "address_line1_check": null,
            "address_line2": null,
            "address_state": null,
            "address_zip": null,
            "address_zip_check": null,
            "brand": "Visa",
            "country": "US",
            "customer": "cus_7sUXw3KFgYkq3V",
            "cvc_check": null,
            "dynamic_last4": null,
            "exp_month": 12,
            "exp_year": 2020,
            "fingerprint": "B5I5Hkz6r7cWlvfb",
            "funding": "credit",
            "last4": "4242",
            "metadata": {},
            "name": null,
            "tokenization_method": null,
            "type": "Visa"
          },
          "subscription": null
        }
    http_version: 
  recorded_at: Tue, 09 Feb 2016 22:02:27 GMT
- request:
    method: post
    uri: https://api.stripe.com/v1/customers/cus_7sUXw3KFgYkq3V/sources/ba_7sUXXRGQhvNQCB/verify
    body:
      encoding: UTF-8
      string: amounts[]=32&amounts[]=45
    headers:
      Accept:
      - "*/*; q=0.5, application/xml"
      Accept-Encoding:
      - gzip, deflate
      User-Agent:
      - Stripe/v1 RubyBindings/1.31.0
      Authorization:
      - Bearer <STRIPE_API_KEY>
      Content-Type:
      - application/x-www-form-urlencoded
      X-Stripe-Client-User-Agent:
      - '{"bindings_version":"1.31.0","lang":"ruby","lang_version":"2.3.0 p0 (2015-12-25)","platform":"x86_64-darwin15","engine":"ruby","publisher":"stripe","uname":"Darwin
        epicodus-73.local 15.2.0 Darwin Kernel Version 15.2.0: Fri Nov 13 19:56:56
        PST 2015; root:xnu-3248.20.55~2/RELEASE_X86_64 x86_64","hostname":"epicodus-73.local"}'
      Content-Length:
      - '25'
  response:
    status:
      code: 200
      message: OK
    headers:
      Server:
      - nginx
      Date:
      - Tue, 09 Feb 2016 22:02:07 GMT
      Content-Type:
      - application/json
      Content-Length:
      - '412'
      Connection:
      - keep-alive
      Access-Control-Allow-Credentials:
      - 'true'
      Access-Control-Allow-Methods:
      - GET, POST, HEAD, OPTIONS, DELETE
      Access-Control-Allow-Origin:
      - "*"
      Access-Control-Max-Age:
      - '300'
      Cache-Control:
      - no-cache, no-store
      Request-Id:
      - req_7sUXGtbWxO0noK
      Stripe-Version:
      - '2012-11-07'
      Strict-Transport-Security:
      - max-age=31556926; includeSubDomains
    body:
      encoding: UTF-8
      string: |
        {
          "id": "ba_7sUXXRGQhvNQCB",
          "object": "bank_account",
          "account_holder_type": null,
          "bank_name": "STRIPE TEST BANK",
          "country": "US",
          "currency": "usd",
          "customer": "cus_7sUXw3KFgYkq3V",
          "fingerprint": "qw2YdYDmIJUuNi9w",
          "last4": "6789",
          "metadata": {},
          "name": null,
          "routing_number": "110000000",
          "status": "verified",
          "disabled": false,
          "validated": false,
          "verified": true
        }
    http_version: 
  recorded_at: Tue, 09 Feb 2016 22:02:28 GMT
- request:
    method: post
    uri: https://<HELLO_SIGN_API_KEY>:@api.hellosign.com/v3/signature_request/create_embedded
    body:
      encoding: UTF-8
      string: client_id=<HELLO_SIGN_CLIENT_ID>&file_url%5B%5D=https%3A%2F%2Fwww.dropbox.com%2Fs%2Fkuyegiukdg57sym%2Fcode_of_conduct.pdf%3Fdl%3D1&signers%5B0%5D%5Bemail_address%5D=student85%40example.com&signers%5B0%5D%5Bname%5D=Example+Brown+87&subject=Sign+to+accept+the+Epicodus+Code+of+Conduct&test_mode=1
    headers:
      User-Agent:
      - hellosign-ruby-sdk/3.2.7
      Content-Type:
      - application/x-www-form-urlencoded
      Accept-Encoding:
      - gzip;q=1.0,deflate;q=0.6,identity;q=0.3
      Accept:
      - "*/*"
  response:
    status:
      code: 200
      message: OK
    headers:
      Access-Control-Allow-Headers:
      - Authorization, Origin, X-Requested-With, Content-Type, Accept
      Access-Control-Allow-Methods:
      - GET, POST, OPTIONS
      Access-Control-Allow-Origin:
      - "*"
      Content-Type:
      - application/json
      Date:
      - Tue, 09 Feb 2016 22:02:08 GMT
      P3p:
      - CP="NOP3PPOLICY"
      Server:
      - Apache
      User-Agent:
      - HelloSign API
      X-Content-Type-Options:
      - nosniff
      X-Ratelimit-Limit:
      - '50'
      X-Ratelimit-Limit-Remaining:
      - '46'
      X-Ratelimit-Reset:
      - '1455055328'
      X-Xss-Protection:
      - 1; mode=block
      Content-Length:
      - '1107'
      Connection:
      - keep-alive
    body:
      encoding: UTF-8
      string: |2-

        {"signature_request":{"signature_request_id":"02328c7abaab8f359462007e0fae5745c3ce45af","test_mode":true,"title":"Sign to accept the Epicodus Code of Conduct","original_title":"Sign to accept the Epicodus Code of Conduct","subject":"Sign to accept the Epicodus Code of Conduct","message":null,"metadata":{},"is_complete":false,"has_error":false,"custom_fields":[],"response_data":[],"signing_url":null,"signing_redirect_url":null,"final_copy_uri":"\/v3\/signature_request\/final_copy\/02328c7abaab8f359462007e0fae5745c3ce45af","files_url":"https:\/\/api.hellosign.com\/v3\/signature_request\/files\/02328c7abaab8f359462007e0fae5745c3ce45af","details_url":"https:\/\/www.hellosign.com\/home\/manage?guid=02328c7abaab8f359462007e0fae5745c3ce45af","requester_email_address":"michael@epicodus.com","signatures":[{"signature_id":"0edec98e1dfd9e2cacd76ab47c9edbfe","has_pin":false,"signer_email_address":"student85@example.com","signer_name":"Example Brown 87","order":null,"status_code":"awaiting_signature","signed_at":null,"last_viewed_at":null,"last_reminded_at":null,"error":null}],"cc_email_addresses":[]}}
    http_version: 
  recorded_at: Tue, 09 Feb 2016 22:02:29 GMT
- request:
    method: get
    uri: https://<HELLO_SIGN_API_KEY>:@api.hellosign.com/v3/embedded/sign_url/0edec98e1dfd9e2cacd76ab47c9edbfe
    body:
      encoding: US-ASCII
      string: ''
    headers:
      User-Agent:
      - hellosign-ruby-sdk/3.2.7
      Accept-Encoding:
      - gzip;q=1.0,deflate;q=0.6,identity;q=0.3
      Accept:
      - "*/*"
  response:
    status:
      code: 200
      message: OK
    headers:
      Access-Control-Allow-Headers:
      - Authorization, Origin, X-Requested-With, Content-Type, Accept
      Access-Control-Allow-Methods:
      - GET, POST, OPTIONS
      Access-Control-Allow-Origin:
      - "*"
      Content-Type:
      - application/json
      Date:
      - Tue, 09 Feb 2016 22:02:09 GMT
      P3p:
      - CP="NOP3PPOLICY"
      Server:
      - Apache
      User-Agent:
      - HelloSign API
      X-Content-Type-Options:
      - nosniff
      X-Ratelimit-Limit:
      - '500'
      X-Ratelimit-Limit-Remaining:
      - '497'
      X-Ratelimit-Reset:
      - '1455055329'
      X-Xss-Protection:
      - 1; mode=block
      Content-Length:
      - '187'
      Connection:
      - keep-alive
    body:
      encoding: UTF-8
      string: |2-

        {"embedded":{"sign_url":"https:\/\/www.hellosign.com\/editor\/embeddedSign?signature_id=0edec98e1dfd9e2cacd76ab47c9edbfe&token=01b87be5c7c1d90907db2413f64656cb","expires_at":1455058929}}
    http_version: 
  recorded_at: Tue, 09 Feb 2016 22:02:30 GMT
recorded_with: VCR 3.0.1
